{
  "task_id": 4,
  "response": "## Analyse\nJe dois créer tests/test_summarize.py avec 3 tests unitaires basiques qui vérifient que summarize() retourne une chaîne non-vide. Je vais importer la fonction depuis src/summarize.py et créer des tests simples avec pytest.\n\n```python path: tests/test_summarize.py\nimport pytest\nimport sys\nimport os\n\n# Add src directory to path to import summarize\nsys.path.insert(0, os.path.join(os.path.dirname(__file__), '..', 'src'))\n\nfrom summarize import summarize\n\n\ndef test_empty_input():\n    \"\"\"Test that empty input returns a non-empty string.\"\"\"\n    result = summarize(\"\")\n    assert isinstance(result, str)\n    assert len(result) > 0\n\n\ndef test_short_input():\n    \"\"\"Test that short input returns a non-empty string.\"\"\"\n    text = \"Bonjour.\"\n    result = summarize(text)\n    assert isinstance(result, str)\n    assert len(result) > 0\n\n\ndef test_normal_input():\n    \"\"\"Test that normal input returns a non-empty string.\"\"\"\n    text = \"\"\"\n    Python est un langage de programmation interprété, multi-paradigme et multiplateformes.\n    Il favorise la programmation impérative structurée, fonctionnelle et orientée objet.\n    Il est doté d'un typage dynamique fort, d'une gestion automatique de la mémoire par ramasse-miettes.\n    Python a été conçu par Guido van Rossum en 1989.\n    \"\"\"\n    result = summarize(text)\n    assert isinstance(result, str)\n    assert len(result) > 0\n\n\nif __name__ == \"__main__\":\n    # Run tests manually if called directly\n    test_empty_input()\n    test_short_input()\n    test_normal_input()\n    print(\"All tests passed!\")\n```\n\n```bash\npytest tests/test_summarize.py -v\n```",
  "files_written": [
    "tests/test_summarize.py"
  ],
  "commands": [
    {
      "command": "pytest tests/test_summarize.py -v",
      "stdout": "============================= test session starts ==============================\nplatform linux -- Python 3.11.15, pytest-9.0.2, pluggy-1.6.0 -- /root/.local/share/uv/tools/pytest/bin/python\ncachedir: .pytest_cache\nrootdir: /home/user/mael\ncollecting ... collected 0 items / 1 error\n\n==================================== ERRORS ====================================\n___________________ ERROR collecting tests/test_summarize.py ___________________\nImportError while importing test module '/home/user/mael/tests/test_summarize.py'.\nHint: make sure your test modules/packages have valid Python names.\nTraceback:\n/usr/lib/python3.11/importlib/__init__.py:126: in import_module\n    return _bootstrap._gcd_import(name[level:], package, level)\n           ^^^^^^^^^^^^^^^^^^^^^^^^^^^^^^^^^^^^^^^^^^^^^^^^^^^^\ntests/test_summarize.py:8: in <module>\n    from summarize import summarize\nE   ModuleNotFoundError: No module named 'summarize'\n=========================== short test summary info ============================\nERROR tests/test_summarize.py\n!!!!!!!!!!!!!!!!!!!! Interrupted: 1 error during collection !!!!!!!!!!!!!!!!!!!!\n=============================== 1 error in 0.09s ===============================\n",
      "stderr": "",
      "returncode": 2,
      "success": false
    }
  ],
  "execution_success": false,
  "execution_errors": [
    "Command failed: pytest tests/test_summarize.py -v\n"
  ],
  "timestamp": "2026-04-03T23:08:03.416097"
}
