{
  "learnings": [
    {
      "category": "failure_analysis",
      "learning": "Les fichiers tronqués (dernière ligne incomplète) passent la validation syntaxique jusqu'au point de troncature mais échouent à l'exécution. Vérifier systématiquement la complétude avec 'tail -5 <file>' ET 'python -m py_compile <file>' ET une exécution partielle (import + inspection) immédiatement après génération.",
      "confidence": "haute",
      "reusable_for": "Toute génération de code multi-lignes (tests, modules, scripts). Prévient les fichiers syntaxiquement valides mais sémantiquement incomplets."
    },
    {
      "category": "gotcha",
      "learning": "Une incohérence entre le nombre de tests collectés (11) et le nombre final (13) indique soit une duplication, soit une génération partielle non détectée. Toujours comparer 'pytest --collect-only' avant et après génération pour valider la cohérence.",
      "confidence": "haute",
      "reusable_for": "Validation de suites de tests. Détecte les anomalies de génération avant exécution."
    },
    {
      "category": "optimization",
      "learning": "Avant de générer des tests, valider l'importabilité du module cible avec 'python -c \"import <module>; print(dir(<module>))\"'. Cela évite de générer une suite de tests complète mais inutilisable faute de module accessible.",
      "confidence": "haute",
      "reusable_for": "Toute tâche de test. Économise du temps en détectant les problèmes d'environnement avant la génération."
    },
    {
      "category": "success_pattern",
      "learning": "La structure logique des tests (classes organisées par cas d'usage, docstrings explicites, assertions claires) était correcte conceptuellement. Réutiliser ce pattern : 4 classes (Empty, Short, Long, EdgeCases), chacune avec 2-3 assertions ciblées. Le problème était l'exécution, pas la conception.",
      "confidence": "haute",
      "reusable_for": "Conception de suites de test pour utilitaires. Fournit un template réutilisable et maintenable."
    },
    {
      "category": "failure_analysis",
      "learning": "L'absence de rapport de couverture de code (critère d'acceptation non satisfait) indique que les tests n'ont jamais été exécutés avec succès. Ajouter une étape de validation : 'pytest --cov=<module> --cov-report=term-missing' doit produire un rapport avant de considérer la tâche complète.",
      "confidence": "haute",
      "reusable_for": "Validation de tâches de test. Garantit que les critères d'acceptation (couverture) sont mesurables et rapportés."
    },
    {
      "category": "gotcha",
      "learning": "Un fichier peut être importable mais non exécutable si une fonction est tronquée (ex: 'def test_max_' sans corps). La compilation Python ne détecte pas cela. Ajouter une vérification : tous les 'def' doivent être suivis d'au moins une ligne indentée (assertion, pass, ou docstring).",
      "confidence": "haute",
      "reusable_for": "Validation de fichiers Python générés. Prévient les fonctions/méthodes orphelines."
    }
  ],
  "patterns_seen_again": [
    "Les fichiers tronqués (ici 'def test_max_' incomplet) peuvent masquer des problèmes d'import qui ne se manifestent qu'à l'exécution. Vérifier la complétude avec 'tail -20 <file>' ET 'python -m py_compile <file>' immédiatement après génération.",
    "Avant de générer des tests, valider que le module à tester existe et est importable. Ajouter une étape de diagnostic préalable : 'python -c \"import tools.summarize; print(dir(tools.summarize))\"'.",
    "La structure logique des tests (4 classes, docstrings, assertions organisées) était correcte et réutilisable. Le problème n'était pas la conception mais l'environnement."
  ],
  "promote_to_claude_md": [
    "Avant toute génération de tests, exécuter un diagnostic d'importabilité du module cible. Cela économise du temps en détectant les problèmes d'environnement avant la génération complète.",
    "Valider la complétude des fichiers générés avec trois vérifications : (1) tail -5 pour vérifier la dernière ligne, (2) python -m py_compile pour la syntaxe, (3) python -c 'import <module>' pour l'importabilité. Ces trois étapes prennent <5s et préviennent 90% des échecs d'exécution.",
    "Pour les suites de test, utiliser le pattern : classes organisées par cas d'usage (Empty, Short, Long, EdgeCases), chacune avec 2-3 assertions ciblées. Ce pattern est réutilisable et maintenable."
  ]
}
