{
  "learnings": [
    {
      "category": "failure_analysis",
      "learning": "Les tests bien structurés (classes, docstrings, assertions) ne suffisent pas si le module importé n'existe pas ou n'est pas accessible. Avant de générer des tests, vérifier que le module cible existe: 'python -c \"import tools.summarize; print(tools.summarize.__file__)\"'. Si import échoue, diagnostiquer et corriger le module AVANT d'écrire les tests.",
      "confidence": "haute",
      "reusable_for": "Toute génération de tests pour un module existant; évite les faux négatifs dus à des imports cassés"
    },
    {
      "category": "gotcha",
      "learning": "Une race condition peut survenir si un fichier test est supprimé (rm) juste avant la compilation/validation. Le fichier peut être en cours d'écriture ou partiellement supprimé. Solution: utiliser 'git clean -fd tests/' ou 'git checkout tests/' pour nettoyer de manière atomique, plutôt que 'rm -f' suivi d'une génération.",
      "confidence": "haute",
      "reusable_for": "Nettoyage de fichiers générés avant régénération; évite les états intermédiaires instables"
    },
    {
      "category": "optimization",
      "learning": "Les assertions faibles ('assert len(result) >= 1') masquent les bugs. Remplacer par des assertions spécifiques: vérifier le contenu exact, la structure, les cas limites (texte très long, max_sentences=1, caractères spéciaux). Générer des tests avec assertions fortes dès le départ plutôt que de les renforcer après.",
      "confidence": "haute",
      "reusable_for": "Écriture de tous les tests; améliore la détection de bugs et la couverture réelle"
    },
    {
      "category": "optimization",
      "learning": "Après génération d'un fichier test, exécuter une validation en trois étapes: (1) 'python -m py_compile' pour syntaxe, (2) 'pytest --collect-only -q' pour vérifier N > 0 tests collectés, (3) 'pytest -v --tb=line' avec timeout. Si l'une échoue, arrêter et diagnostiquer AVANT de continuer. Cela détecte les imports cassés et les fichiers tronqués immédiatement.",
      "confidence": "haute",
      "reusable_for": "Validation post-génération de tout fichier test; évite de passer à l'itération suivante avec des tests non exécutables"
    },
    {
      "category": "success_pattern",
      "learning": "La structure logique des tests (classes par fonctionnalité, docstrings claires, assertions organisées) était correcte. Le problème était environnemental (import + fichier tronqué). Réutiliser la même structure de génération mais ajouter la validation post-génération obligatoire. Ne pas modifier la logique, corriger l'exécution.",
      "confidence": "haute",
      "reusable_for": "Itérations futures sur les tests; confirme que la structure était bonne, seule l'exécution était cassée"
    }
  ],
  "patterns_seen_again": [
    "Un fichier test tronqué (dernière méthode incomplète) peut coexister avec un nouveau fichier généré. Avant de générer tests/test_summarize.py, exécuter: 'rm -f tests/test_summarize.py' ou 'git status tests/' pour détecter les fichiers partiels.",
    "Ajouter une étape de validation post-génération obligatoire: (1) 'python -m py_compile tests/test_summarize.py' pour valider la syntaxe, (2) 'pytest tests/test_summarize.py --collect-only -q' pour vérifier que N tests sont collectés (N > 0), (3) 'pytest tests/test_summarize.py -v --tb=line' avec timeout 10s."
  ],
  "promote_to_claude_md": [
    "Validation post-génération en trois étapes (py_compile + collect-only + pytest -v) est obligatoire pour tout fichier test généré. Arrêter et diagnostiquer si l'une échoue.",
    "Vérifier que le module cible existe et est importable AVANT de générer ses tests: 'python -c \"import tools.summarize\"'",
    "Assertions fortes (vérifier contenu exact, structure, cas limites) plutôt que faibles (len >= 1). Générer avec assertions fortes dès le départ."
  ]
}
