{
  "analysis": "Le système montre une dégradation claire après l'itération 7 (score 90). Les mutations récentes (#18, #19) n'ont pas encore montré d'effet positif. La stagnation à 70 sur les 2 dernières itérations suggère un plateau. Les mutations précédentes ont complexifié le système sans améliorer les performances. Il faut simplifier et revenir aux fondamentaux.",
  "health": "degrading",
  "mutations": [
    {
      "type": "heuristic",
      "target": "Seuil de succès dynamique",
      "before_summary": "Seuil fixe à 75 (ou 50 en mode critique)",
      "after": "Seuil adaptatif basé sur la moyenne mobile des 3 dernières itérations + 5 points. Minimum 60, maximum 80.",
      "reason": "Un seuil fixe ne s'adapte pas aux capacités réelles du système. Un seuil adaptatif permet une progression continue.",
      "expected_impact": "Réduction des échecs artificiels, progression plus fluide",
      "confidence": 0.8
    },
    {
      "type": "prompt",
      "target": "Phase AGIR",
      "before_summary": "Prompt complexe avec multiples instructions",
      "after": "Phase AGIR — Itération {iteration}\n\n## Tâche\n{task_title}: {task_description}\nCritères: {task_acceptance_criteria}\n\n## Instructions\nRésous cette tâche de manière directe et efficace. Concentre-toi sur la qualité plutôt que la quantité. Fournis une solution complète et testable.\n\nRéponds en JSON strict avec 'solution' et 'explanation'.",
      "reason": "Simplifier le prompt pour réduire la confusion et améliorer la focus sur l'essentiel",
      "expected_impact": "Amélioration de la qualité des solutions, réduction des erreurs de format",
      "confidence": 0.7
    },
    {
      "type": "criteria",
      "target": "Système de scoring",
      "before_summary": "Sous-scores détaillés complexes (Complétude, Qualité technique, etc.)",
      "after": "Score unique de 0 à 100 basé sur 3 critères équilibrés : Fonctionnalité (40%), Qualité du code (35%), Respect des critères (25%)",
      "reason": "Le système de sous-scores complexe peut créer de la confusion. Un scoring simplifié mais structuré est plus efficace.",
      "expected_impact": "Évaluations plus cohérentes, réduction de la variabilité des scores",
      "confidence": 0.6
    }
  ]
}
