{
  "learnings": [
    {
      "category": "failure_analysis",
      "learning": "Un fichier généré incomplet (coupé au milieu d'une fonction) passe la validation manuelle mais échoue les tests existants. Avant soumission, vérifier que le fichier est complet : compter les parenthèses/accolades ouvertes/fermées, vérifier qu'aucune fonction n'est tronquée, et exécuter au minimum un import test (try: from module import *) pour détecter les erreurs de syntaxe.",
      "confidence": "haute",
      "reusable_for": "Toute génération de code multi-fonction; détection précoce de troncatures avant tests"
    },
    {
      "category": "failure_analysis",
      "learning": "Une rupture entre l'interface attendue (tests qui importent split_sentences, score_sentence) et l'implémentation (fonctions non exportées ou manquantes) bloque l'exécution. Avant de coder, extraire la signature des tests existants et générer EXACTEMENT les fonctions attendues avec les bons noms et visibilité (public vs private).",
      "confidence": "haute",
      "reusable_for": "Intégration avec suites de tests existantes; respect du contrat d'interface"
    },
    {
      "category": "gotcha",
      "learning": "Un code 'fonctionnellement correct' (validation manuelle OK) mais 'structurellement incomplet' (fichier tronqué) reçoit un score FAIL. La validation manuelle ne suffit pas : elle doit être complétée par (1) vérification de complétude syntaxique, (2) exécution des tests existants, (3) vérification que toutes les fonctions helper attendues sont présentes et exportées.",
      "confidence": "haute",
      "reusable_for": "Critères d'acceptation multi-niveaux; éviter les faux positifs de validation"
    },
    {
      "category": "optimization",
      "learning": "Après génération d'un algorithme complexe (TF-IDF), ajouter une étape de vérification : (1) lister toutes les fonctions appelées dans la fonction principale, (2) vérifier que chacune est définie et complète, (3) exécuter un test d'intégration simple (ex: summarize(sample_text) retourne str non-vide). Cela détecte les dépendances manquantes avant soumission.",
      "confidence": "haute",
      "reusable_for": "Validation de code multi-étapes; détection de dépendances manquantes"
    }
  ],
  "patterns_seen_again": [
    "Un code avec tests passants (44/44) mais verdict PARTIAL indique que les tests ne couvrent PAS la logique complète. Avant de déclarer succès, vérifier que les tests exercent TOUS les chemins critiques de la fonction principale.",
    "Après génération d'une fonction multi-étapes (ex: summarize avec tri + sélection + réassemblage), valider la complétude en exécutant un test manuel simple : appeler la fonction avec un input connu et vérifier que l'output a la forme attendue.",
    "Pour une tâche d'amélioration algorithmique (ex: TF-IDF), générer d'abord une version COMPLÈTE et BASIQUE (même si naïve), puis itérer sur la qualité. Une implémentation basique complète > une implémentation sophistiquée tronquée."
  ],
  "promote_to_claude_md": [
    "Avant soumission de code généré, exécuter un test de complétude syntaxique : vérifier que le fichier n'est pas tronqué (parenthèses équilibrées, pas de fonction inachevée) et que toutes les fonctions attendues par les tests existants sont présentes et exportées.",
    "Pour l'intégration avec des suites de tests existantes, extraire d'abord la signature des imports et des appels de fonction attendus, puis générer EXACTEMENT ces interfaces avant d'implémenter la logique."
  ]
}
