{
  "learnings": [
    {
      "category": "failure_analysis",
      "learning": "ModuleNotFoundError sur import = signal d'arrêt immédiat. Avant d'écrire des tests, valider que le module source existe et est importable. Ajouter une étape 'Import validation' : créer un fichier test minimal qui importe uniquement le module, l'exécuter, puis procéder aux tests complets.",
      "confidence": "haute",
      "reusable_for": "Tout projet avec dépendances de modules. Prévient les cycles de test inutiles."
    },
    {
      "category": "gotcha",
      "learning": "Générer 34 tests sans exécution préalable = risque de fichier incomplet ou mal formé. Pattern sûr : générer par blocs de 5-8 tests, exécuter immédiatement, valider la syntaxe et l'import, puis continuer. Évite les fichiers tronqués et les erreurs de masse.",
      "confidence": "haute",
      "reusable_for": "Génération de code volumineux (tests, fixtures, stubs). Applicable à tout framework de test."
    },
    {
      "category": "failure_analysis",
      "learning": "Fichier test coupé au milieu de test_empty_text indique une génération interrompue ou un buffer overflow. Toujours vérifier la complétude du fichier généré : compter les def test_*, vérifier la fermeture des fonctions, valider la syntaxe avec ast.parse() avant commit.",
      "confidence": "haute",
      "reusable_for": "Validation post-génération de code. Prévient les commits de code cassé."
    },
    {
      "category": "success_pattern",
      "learning": "Structure pytest visible (logging explicite, isolation des composants) = bonne intention. Mais structure seule ne suffit pas sans exécution. Pattern : (1) générer structure, (2) exécuter immédiatement, (3) corriger erreurs, (4) valider couverture. Ordre critique.",
      "confidence": "haute",
      "reusable_for": "Tout développement TDD. Rappel que la structure n'est pas la qualité."
    },
    {
      "category": "optimization",
      "learning": "Couverture de 34 tests sur un utilitaire simple = sur-ingénierie probable. Évaluer le ratio : pour un module <200 LOC, 8-12 tests bien ciblés suffisent. Ajouter une étape 'Test count justification' : documenter pourquoi chaque test existe.",
      "confidence": "moyenne",
      "reusable_for": "Planification de suites de test. Évite la prolifération de tests redondants."
    }
  ],
  "patterns_seen_again": [
    "Les cas limites testés explicitement (texte vide, 1 phrase, >1000 chars) avec assertions loggées préviennent les bugs en production. Ajouter systématiquement une étape 'Edge cases validation' AVANT de déclarer une tâche complète.",
    "Logs explicites avec type + longueur d'input pour chaque composant testé isolément = traçabilité complète. Pattern : logguer (1) input type/size, (2) processing step, (3) output type/size, (4) assertion result."
  ],
  "promote_to_claude_md": [
    "ModuleNotFoundError sur import = signal d'arrêt immédiat. Avant d'écrire des tests, valider que le module source existe et est importable. Ajouter une étape 'Import validation' : créer un fichier test minimal qui importe uniquement le module, l'exécuter, puis procéder aux tests complets.",
    "Générer par blocs de 5-8 tests, exécuter immédiatement, valider la syntaxe et l'import, puis continuer. Évite les fichiers tronqués et les erreurs de masse.",
    "Toujours vérifier la complétude du fichier généré : compter les def test_*, vérifier la fermeture des fonctions, valider la syntaxe avec ast.parse() avant commit."
  ]
}
