{
  "analysis": "Le système est en échec critique avec 4 échecs consécutifs après l'itération 1. Les mutations récentes (#13 et #14) n'ont pas encore été évaluées mais la tendance reste négative. Le problème semble structurel : les phases sont trop isolées et manquent de cohérence. La phase AGIR ne bénéficie pas des apprentissages précédents, créant un cycle de répétition des mêmes erreurs.",
  "health": "critical",
  "mutations": [
    {
      "type": "structure",
      "target": "Architecture du processus",
      "before_summary": "Phases séquentielles isolées : AGIR → ÉVALUER → APPRENDRE → MUTER",
      "after": "Phase AGIR enrichie avec contexte d'apprentissage : injection automatique des 3 derniers échecs et leurs causes dans le prompt AGIR. Format : 'Échecs récents à éviter : [liste des erreurs communes]'",
      "reason": "Les phases n'apprennent pas les unes des autres, répétant les mêmes erreurs",
      "expected_impact": "Réduction des erreurs récurrentes par apprentissage contextuel",
      "confidence": 0.8
    },
    {
      "type": "heuristic",
      "target": "Seuil de mutation critique",
      "before_summary": "Mutation si score < 60 OU variance > 20 OU 2 échecs consécutifs",
      "after": "En mode critique (3+ échecs consécutifs) : mutation forcée à chaque itération + reset des heuristiques précédentes. Retour au mode normal après 2 succès consécutifs.",
      "reason": "Le système est bloqué dans un état d'échec et a besoin d'exploration agressive",
      "expected_impact": "Sortie du cycle d'échec par exploration intensive",
      "confidence": 0.7
    },
    {
      "type": "criteria",
      "target": "Métriques d'évaluation",
      "before_summary": "Évaluation binaire PASS/FAIL avec score numérique",
      "after": "Évaluation graduée : EXCELLENT (90-100), GOOD (70-89), ACCEPTABLE (50-69), POOR (30-49), FAIL (0-29). Seuil de succès abaissé à 50 temporairement en mode critique.",
      "reason": "L'évaluation trop stricte peut masquer les progrès partiels et décourager l'amélioration",
      "expected_impact": "Meilleure granularité pour détecter les améliorations progressives",
      "confidence": 0.6
    }
  ]
}
