{
  "learnings": [
    {
      "category": "failure_analysis",
      "learning": "Une fonction tronquée au milieu de sa logique (ex: 'if not s' sans suite) crée une syntaxe invalide qui échoue silencieusement à l'import. Toujours valider la syntaxe Python avec `python -m py_compile` avant de considérer le code complet.",
      "confidence": "haute",
      "reusable_for": "Validation de code avant exécution, détection d'implémentations partielles"
    },
    {
      "category": "gotcha",
      "learning": "Une sortie tronquée dans stdout ('Machine learning is a...') est un signal d'alerte d'exécution défaillante. Vérifier systématiquement que la sortie complète est produite, pas juste que le programme s'exécute.",
      "confidence": "haute",
      "reusable_for": "Diagnostic de défaillances silencieuses, validation de résultats complets"
    },
    {
      "category": "failure_analysis",
      "learning": "Déclarer une fonction avec docstring et type hints mais sans implémentation complète crée une fausse impression de complétude. Exiger que chaque fonction ait un corps exécutable (pas juste `pass` ou code tronqué) avant validation.",
      "confidence": "haute",
      "reusable_for": "Code review, critères d'acceptation, validation de tâches"
    },
    {
      "category": "optimization",
      "learning": "Les critères d'acceptation doivent inclure explicitement : (1) Syntaxe valide vérifiée, (2) Import sans erreur, (3) Exécution complète sans troncature, (4) Gestion d'erreurs pour cas limites. Un score de 55/100 avec code cassé indique que ces critères n'étaient pas appliqués.",
      "confidence": "haute",
      "reusable_for": "Définition de critères d'acceptation, scoring de tâches"
    },
    {
      "category": "failure_analysis",
      "learning": "L'itération 2 a répété l'erreur de l'itération 1 (implémentation incomplète) malgré les learnings documentés. Cela indique que les learnings n'ont pas été appliqués activement. Implémenter une checklist pré-exécution basée sur les learnings précédents.",
      "confidence": "haute",
      "reusable_for": "Amélioration du processus itératif, application des learnings"
    }
  ],
  "patterns_seen_again": [
    "Les fonctions déclarées mais non implémentées (corps vide) passent la validation syntaxique mais causent des défaillances silencieuses à l'exécution. Toujours vérifier que chaque fonction a un corps complet avant de considérer la tâche terminée.",
    "Une sortie tronquée dans les tests stdout ('Machine learni...') indique une exécution défaillante non diagnostiquée. Toujours exécuter le code complet et vérifier que la sortie n'est pas coupée avant de valider."
  ],
  "promote_to_claude_md": [
    "Syntaxe valide ≠ implémentation complète. Valider avec `python -m py_compile` ET exécution réelle avant acceptation.",
    "Checklist pré-exécution obligatoire : (1) Pas de code tronqué, (2) Import réussit, (3) Sortie complète (pas de troncature), (4) Gestion d'erreurs pour cas limites."
  ]
}
