{
  "learnings": [
    {
      "category": "failure_analysis",
      "learning": "Un fichier tronqué au milieu d'une fonction (ex: 'sentence.low' inachevée) passe la validation syntaxique du parser mais casse l'exécution. Toujours exécuter le code complet après écriture avant de committer. Ajouter une étape de validation : importer le module, appeler chaque fonction exportée avec un cas trivial, vérifier qu'aucune exception n'est levée.",
      "confidence": "haute",
      "reusable_for": "Toute modification de code Python existant; prévention des regressions silencieuses"
    },
    {
      "category": "gotcha",
      "learning": "Extraire l'interface attendue d'un module AVANT de le modifier : lister les imports, signatures de fonction, et valeurs de retour via grep ou ast.parse(). Générer le code en respectant strictement cette interface. Cela prévient les ImportError et les ruptures de contrats qui cassent les tests.",
      "confidence": "haute",
      "reusable_for": "Modification de modules existants avec tests dépendants; refactoring"
    },
    {
      "category": "gotcha",
      "learning": "Un code 'conceptuellement bon' (ex: stop words français, Counter, scoring par phrase) mais incomplet (logique non finalisée, pas de return) est pire qu'un code simple qui marche. Prioriser la complétude et l'exécutabilité avant la sophistication. Découper la tâche en étapes : (1) interface, (2) cas trivial, (3) cas complexe.",
      "confidence": "haute",
      "reusable_for": "Gestion de la complexité; priorisation des tâches de développement"
    },
    {
      "category": "optimization",
      "learning": "Avant d'implémenter un algorithme (ex: TF-IDF), définir explicitement par écrit : (1) langue du corpus, (2) ressources (stop words, tokenizer), (3) cas limites (texte vide, 1 phrase, très court), (4) test de régression (baseline vs nouvelle implémentation). Valider cette spécification avec un test unitaire avant d'écrire la logique métier.",
      "confidence": "haute",
      "reusable_for": "Implémentation d'algorithmes; prévention des implémentations incomplètes"
    },
    {
      "category": "failure_analysis",
      "learning": "Les tests manuels (print statements) ne valident rien. Remplacer par des assertions ou des tests unitaires avec des cas d'entrée/sortie connus et vérifiables. Un test manuel qui passe ne prouve pas que l'algorithme fonctionne; il prouve juste que le code s'exécute sans erreur.",
      "confidence": "haute",
      "reusable_for": "Validation de code; mise en place de suites de tests"
    }
  ],
  "patterns_seen_again": [
    "Quand on modifie un module existant, extraire d'abord l'interface attendue (imports, signatures) via ast.parse() ou grep, puis générer le code en respectant cette interface. Cela prévient les ImportError et les ruptures de contrats.",
    "Les tests manuels affichés (print statements) ne valident rien. Remplacer par des assertions ou des tests unitaires avec des cas d'entrée/sortie connus.",
    "Un code 'bien pensé' (ex: stop words français) mais incomplet (logique TF-IDF non finalisée) est pire qu'un code simple qui marche. Prioriser la complétude et l'exécutabilité avant la sophistication.",
    "Avant d'implémenter un scoring TF-IDF, définir explicitement : (1) la langue du corpus, (2) la liste de stop words à utiliser, (3) les cas limites (texte vide, 1 phrase, très court), (4) le test de régression (baseline vs nouvelle implémentation)."
  ],
  "promote_to_claude_md": [
    "Extraire l'interface attendue d'un module AVANT modification : lister imports, signatures, retours via grep/ast.parse(). Générer en respectant strictement cette interface pour prévenir ImportError et ruptures de contrats.",
    "Prioriser complétude et exécutabilité avant sophistication. Un code simple qui marche > code conceptuellement bon mais incomplet. Découper en étapes : (1) interface, (2) cas trivial, (3) cas complexe.",
    "Avant d'implémenter un algorithme, spécifier par écrit : langue, ressources, cas limites, test de régression. Valider avec test unitaire avant logique métier."
  ]
}
